Carregando arquivos...

✅ api.test.js carregado
Verificando funções disponíveis:
- getCoordinates: function
- getWeatherData: function
- tester.run: function
📋 getCoordinates - Testes de Sucesso
📋 getCoordinates - Testes de Erro
📋 getCoordinates - Edge Cases
📋 getWeatherData - Testes de Sucesso
📋 getWeatherData - Validação de Tipos
📋 getWeatherData - Testes de Erro
📋 getWeatherData - Edge Cases
📋 Integração Completa
✅ Arquivos carregados
getCoordinates: function
getWeatherData: function
tester: undefined
Erro: ReferenceError: tester is not defined
    at Object.<anonymous> (C:\Users\IndioMedeiros\Desktop\IA-project\weather-app\run-tests.js:52:36)
    at Module._compile (node:internal/modules/cjs/loader:1730:14)
    at Object..js (node:internal/modules/cjs/loader:1895:10)
    at Module.load (node:internal/modules/cjs/loader:1465:32)
    at Function._load (node:internal/modules/cjs/loader:1282:12)
    at TracingChannel.traceSync (node:diagnostics_channel:322:14)
    at wrapModuleLoad (node:internal/modules/cjs/loader:235:24)
    at Function.executeUserEntryPoint [as runMain] (node:internal/modules/run_main:171:5)
    at node:internal/main/run_main_module:36:49
ReferenceError: tester is not defined
    at Object.<anonymous> (C:\Users\IndioMedeiros\Desktop\IA-project\weather-app\run-tests.js:52:36)
    at Module._compile (node:internal/modules/cjs/loader:1730:14)
    at Object..js (node:internal/modules/cjs/loader:1895:10)
    at Module.load (node:internal/modules/cjs/loader:1465:32)
    at Function._load (node:internal/modules/cjs/loader:1282:12)
    at TracingChannel.traceSync (node:diagnostics_channel:322:14)
    at wrapModuleLoad (node:internal/modules/cjs/loader:235:24)
    at Function.executeUserEntryPoint [as runMain] (node:internal/modules/run_main:171:5)
    at node:internal/main/run_main_module:36:49
